// Jest Snapshot v1, https://goo.gl/fbAQLP

exports[`<Toolbar /> should render correctly 1`] = `ReactWrapper {}`;
